// Jest Snapshot v1, https://goo.gl/fbAQLP

exports[`Footer matches expected snapshot 1`] = `
<div
  style={
    Object {
      "background": "rgba(128, 128, 128, 0.04)",
      "paddingBottom": 20,
      "paddingLeft": 40,
      "paddingRight": 40,
      "paddingTop": 1,
    }
  }
>
  <WithStyles(Divider)
    style={
      Object {
        "marginBottom": 20,
        "width": "100%",
      }
    }
  />
  <div
    style={
      Object {
        "alignItems": "center",
        "display": "flex",
        "flexWrap": "nowrap",
        "justifyContent": "flex-start",
      }
    }
  >
    <GatsbyLink
      to="/"
    >
      <img
        src="test-file-stub"
        style={
          Object {
            "height": 43,
          }
        }
      />
    </GatsbyLink>
    <div
      style={
        Object {
          "display": "flex",
          "flexWrap": "wrap",
          "justifyContent": "flex-start",
          "marginLeft": 30,
        }
      }
    >
      <FooterLink
        to="/"
      >
        Help
      </FooterLink>
      <FooterLink
        to="/"
      >
        Financials
      </FooterLink>
      <FooterLink
        to="/"
      >
        Terms
      </FooterLink>
      <FooterLink
        to="/"
      >
        Privacy
      </FooterLink>
      <FooterLink
        to="/"
      >
        Team
      </FooterLink>
    </div>
  </div>
</div>
`;
