// Jest Snapshot v1, https://goo.gl/fbAQLP

exports[`Header matches expected snapshot 1`] = `
<div
  style={
    Object {
      "paddingBottom": 20,
      "paddingLeft": 40,
      "paddingRight": 40,
      "paddingTop": 20,
    }
  }
>
  <GatsbyLink
    to="/"
  >
    <img
      src="test-file-stub"
      style={
        Object {
          "height": 40,
        }
      }
    />
  </GatsbyLink>
</div>
`;
